// Jest Snapshot v1, https://goo.gl/fbAQLP

exports[`the MainParticipantInfo component should render correctly 1`] = `
<Styled(div)>
  <Styled(div)
    hideVideo={true}
  >
    <Styled(h4)>
      mockIdentity
    </Styled(h4)>
  </Styled(div)>
  mock children
</Styled(div)>
`;
