// Jest Snapshot v1, https://goo.gl/fbAQLP

exports[`the ParticipantInfo component should render correctly 1`] = `
<Styled(div)>
  <Styled(div)
    hideVideo={true}
  >
    <Styled(div)>
      <Styled(h4)>
        mockIdentity
      </Styled(h4)>
      <NetworkQualityLevel
        qualityLevel={4}
      />
    </Styled(div)>
    <div>
      <MicOffIcon />
    </div>
  </Styled(div)>
  mock children
</Styled(div)>
`;
